fxa.content.marketing.impression:1|c|#context:web,broker:fx-desktop-v1,entrypoint:none,migration:none,lang:en,service:none,agent_ua_family:Chrome,agent_ua_version:42.0.2311,agent_ua_version_major:42,agent_os_version:10.10.3,agent_os_family:Mac OS X,agent_os_major:10,marketing_campaign_id:spring_2015,marketing_url:https://play.google.com/fx_for_android,marketing_clicked:true