fxa.content.navigationTiming.connectEnd.time:202|ms|#context:web,broker:fx-desktop-v1,entrypoint:none,migration:none,lang:en,service:none,agent_ua_family:Chrome,agent_ua_version:42.0.2311,agent_ua_version_major:42,agent_os_version:10.10.3,agent_os_family:Mac OS X,agent_os_major:10
fxa.content.navigationTiming.connectStart.time:202|ms|#context:web,broker:fx-desktop-v1,entrypoint:none,migration:none,lang:en,service:none,agent_ua_family:Chrome,agent_ua_version:42.0.2311,agent_ua_version_major:42,agent_os_version:10.10.3,agent_os_family:Mac OS X,agent_os_major:10
fxa.content.navigationTiming.domComplete.time:689|ms|#context:web,broker:fx-desktop-v1,entrypoint:none,migration:none,lang:en,service:none,agent_ua_family:Chrome,agent_ua_version:42.0.2311,agent_ua_version_major:42,agent_os_version:10.10.3,agent_os_family:Mac OS X,agent_os_major:10
fxa.content.navigationTiming.domContentLoadedEventEnd.time:628|ms|#context:web,broker:fx-desktop-v1,entrypoint:none,migration:none,lang:en,service:none,agent_ua_family:Chrome,agent_ua_version:42.0.2311,agent_ua_version_major:42,agent_os_version:10.10.3,agent_os_family:Mac OS X,agent_os_major:10
fxa.content.navigationTiming.domContentLoadedEventStart.time:627|ms|#context:web,broker:fx-desktop-v1,entrypoint:none,migration:none,lang:en,service:none,agent_ua_family:Chrome,agent_ua_version:42.0.2311,agent_ua_version_major:42,agent_os_version:10.10.3,agent_os_family:Mac OS X,agent_os_major:10
fxa.content.navigationTiming.domInteractive.time:627|ms|#context:web,broker:fx-desktop-v1,entrypoint:none,migration:none,lang:en,service:none,agent_ua_family:Chrome,agent_ua_version:42.0.2311,agent_ua_version_major:42,agent_os_version:10.10.3,agent_os_family:Mac OS X,agent_os_major:10
fxa.content.navigationTiming.domLoading.time:466|ms|#context:web,broker:fx-desktop-v1,entrypoint:none,migration:none,lang:en,service:none,agent_ua_family:Chrome,agent_ua_version:42.0.2311,agent_ua_version_major:42,agent_os_version:10.10.3,agent_os_family:Mac OS X,agent_os_major:10
fxa.content.navigationTiming.domainLookupEnd.time:202|ms|#context:web,broker:fx-desktop-v1,entrypoint:none,migration:none,lang:en,service:none,agent_ua_family:Chrome,agent_ua_version:42.0.2311,agent_ua_version_major:42,agent_os_version:10.10.3,agent_os_family:Mac OS X,agent_os_major:10
fxa.content.navigationTiming.domainLookupStart.time:202|ms|#context:web,broker:fx-desktop-v1,entrypoint:none,migration:none,lang:en,service:none,agent_ua_family:Chrome,agent_ua_version:42.0.2311,agent_ua_version_major:42,agent_os_version:10.10.3,agent_os_family:Mac OS X,agent_os_major:10
fxa.content.navigationTiming.fetchStart.time:202|ms|#context:web,broker:fx-desktop-v1,entrypoint:none,migration:none,lang:en,service:none,agent_ua_family:Chrome,agent_ua_version:42.0.2311,agent_ua_version_major:42,agent_os_version:10.10.3,agent_os_family:Mac OS X,agent_os_major:10
fxa.content.navigationTiming.navigationStart.time:0|ms|#context:web,broker:fx-desktop-v1,entrypoint:none,migration:none,lang:en,service:none,agent_ua_family:Chrome,agent_ua_version:42.0.2311,agent_ua_version_major:42,agent_os_version:10.10.3,agent_os_family:Mac OS X,agent_os_major:10
fxa.content.navigationTiming.requestStart.time:208|ms|#context:web,broker:fx-desktop-v1,entrypoint:none,migration:none,lang:en,service:none,agent_ua_family:Chrome,agent_ua_version:42.0.2311,agent_ua_version_major:42,agent_os_version:10.10.3,agent_os_family:Mac OS X,agent_os_major:10
fxa.content.navigationTiming.responseEnd.time:466|ms|#context:web,broker:fx-desktop-v1,entrypoint:none,migration:none,lang:en,service:none,agent_ua_family:Chrome,agent_ua_version:42.0.2311,agent_ua_version_major:42,agent_os_version:10.10.3,agent_os_family:Mac OS X,agent_os_major:10
fxa.content.navigationTiming.responseStart.time:464|ms|#context:web,broker:fx-desktop-v1,entrypoint:none,migration:none,lang:en,service:none,agent_ua_family:Chrome,agent_ua_version:42.0.2311,agent_ua_version_major:42,agent_os_version:10.10.3,agent_os_family:Mac OS X,agent_os_major:10
